
> dungeon-keep@0.0.0 build
> ng build

[33mÔØ»[39m Building...
[32mÔ£ö[39m Building...
[1mInitial chunk files[22m[2m | [22m[1mNames[22m        [2m | [22m [1mRaw size[22m[2m | [22m[1mEstimated transfer size[22m
[32mmain-XELQU4BE.js[39m   [2m | [22m[2mmain[22m         [2m | [22m[36m340.80 kB[39m[2m | [22m               [36m83.69 kB[39m
[32mstyles-P5QOWWJE.css[39m[2m | [22m[2mstyles[22m       [2m | [22m  [36m9.95 kB[39m[2m | [22m                [36m1.06 kB[39m

[1m [22m                  [2m | [22m[1mInitial total[22m[2m | [22m[1m350.74 kB[22m[2m | [22m               [1m84.75 kB[22m

Application bundle generation complete. [2.335 seconds] - 2026-03-22T16:33:52.340Z

Output location: C:\Repos\DungeonKeep\dist\DungeonKeep

